// Jest Snapshot v1, https://goo.gl/fbAQLP

exports[`<ErrorView /> renders correctly 1`] = `null`;
